
allesfitter version
---------------------
v1.2.10

Shifting epochs into the data center
------------------------------------
Companion d
	input epoch: 2455618.271
	shifted epoch: 2457579.2006000006
	shifted by 42 periods
Companion f
	input epoch: 2455593.8021
	shifted epoch: 2457606.274
	shifted by 17 periods

Settings:
--------------------------

user-given:                   
companions_phot                ['d', 'f']     
companions_rv                  []             
inst_phot                      ['tess', 'kepler']
passbands                      tess kepler    
inst_rv                        []             
time_format                    BJD_TDB        
multiprocess                   True           
multiprocess_cores             40             
fast_fit                       False          
fast_fit_width                 0.3333333333333333
secondary_eclipse              False          
phase_curve                    False          
shift_epoch                    True           
inst_for_b_epoch               all            
inst_for_c_epoch               all            
inst_for_d_epoch               ['tess', 'kepler']
inst_for_e_epoch               all            
inst_for_f_epoch               ['tess', 'kepler']
inst_for_g_epoch               all            
mcmc_nwalkers                  100            
mcmc_total_steps               2000           
mcmc_burn_steps                1000           
mcmc_thin_by                   2              
ns_modus                       dynamic        
ns_nlive                       1000           
ns_bound                       single         
ns_sample                      auto           
ns_tol                         100.0          
host_ld_law_tess               quad           
host_ld_law_kepler             quad           
t_exp_tess                     0.0            
baseline_flux_tess             sample_GP_Matern32
baseline_flux_kepler           sample_GP_Matern32
error_flux_tess                sample         
error_flux_kepler              sample         
use_host_density_prior         True           
fit_ttvs                       False          
host_grid_tess                 very_sparse    

automatically set:            
inst_rv2                       []             
companions_all                 ['d', 'f']     
inst_all                       ['tess', 'kepler']
bandpass                       {}             
chromatic                      False          
print_progress                 True           
use_tidal_eccentricity_prior   False          
mcmc_pre_run_loops             0              
mcmc_pre_run_steps             0              
mcmc_moves                     [(<emcee.moves.de.DEMove object at 0x7e5ec568d6d0>, 1.0)]
d_grid_tess                    default        
d_ld_law_tess                  None           
host_ld_space_tess             q              
d_ld_space_tess                q              
host_shape_tess                sphere         
d_shape_tess                   sphere         
host_grid_kepler               default        
d_grid_kepler                  default        
d_ld_law_kepler                None           
host_ld_space_kepler           q              
d_ld_space_kepler              q              
host_shape_kepler              sphere         
d_shape_kepler                 sphere         
f_grid_tess                    default        
f_ld_law_tess                  None           
f_ld_space_tess                q              
f_shape_tess                   sphere         
f_grid_kepler                  default        
f_ld_law_kepler                None           
f_ld_space_kepler              q              
f_shape_kepler                 sphere         
exact_grav                     False          
phase_curve_style              None           
stellar_var_flux               none           
stellar_var_rv                 none           
stellar_var_rv2                none           
baseline_flux_tess_against     time           
baseline_flux_kepler_against   time           
color_plot                     False          
d_color                        (0.2980392156862745, 0.4470588235294118, 0.6901960784313725)
f_color                        (0.8666666666666667, 0.5176470588235295, 0.3215686274509804)
zoom_window                    0.3333333333333333
t_exp_n_int_tess               None           
t_exp_kepler                   None           
t_exp_n_int_kepler             None           
host_N_spots_tess              0              
d_N_spots_tess                 0              
f_N_spots_tess                 0              
host_N_spots_kepler            0              
d_N_spots_kepler               0              
f_N_spots_kepler               0              
N_flares                       0              
mid_epoch                      2457606.274    

Parameters:
--------------------------

user-given:                   
b_rr                           0.0369          free  ['uniform', 0.0, 0.2]         
b_rsuma                        0.0196          free  ['uniform', 0.0166, 0.3]      
b_cosi                         0.0             free  ['uniform', 0.0, 1.0]         
b_epoch                        2454957.81308   free  ['normal', 2454957.81308, 0.1]
b_period                       31.9996         free  ['normal', 31.9996, 0.001442] 
b_f_c                          0.0             set  
b_f_s                          0.0             set  
c_rr                           0.0172          free  ['uniform', 0.0, 0.2]         
c_rsuma                        0.0605          free  ['uniform', 0.0495, 0.8]      
c_cosi                         0.0             free  ['uniform', 0.0, 1.0]         
c_epoch                        2455589.7378    free  ['normal', 2455589.7378, 0.1] 
c_period                       10.3039         free  ['normal', 10.3039, 0.001166] 
c_f_c                          0.0             set  
c_f_s                          0.0             set  
d_rr                           0.0233          free  ['uniform', 0.0, 0.2]         
d_rsuma                        0.0207          free  ['uniform', 0.0173, 0.3]      
d_cosi                         0.0             free  ['uniform', 0.0, 1.0]         
d_epoch                        2457579.2006000006 free  ['normal', 2457579.2006, 0.2022983670621194]
d_period                       46.6888         free  ['normal', 46.6888, 0.004187] 
d_f_c                          0.0             set  
d_f_s                          0.0             set  
e_rr                           0.0267          free  ['uniform', 0.0, 0.2]         
e_rsuma                        0.0527          free  ['uniform', 0.0444, 0.7]      
e_cosi                         0.0             free  ['uniform', 0.0, 1.0]         
e_epoch                        2455583.3494    free  ['normal', 2455583.3494, 0.1] 
e_period                       13.0241         free  ['normal', 13.0241, 0.001526] 
e_f_c                          0.0             set  
e_f_s                          0.0             set  
f_rr                           0.0315          free  ['uniform', 0.0, 0.2]         
f_rsuma                        0.0121          free  ['uniform', 0.0101, 0.2]      
f_cosi                         0.0             free  ['uniform', 0.0, 1.0]         
f_epoch                        2457606.274     free  ['normal', 2457606.2739999997, 0.10194563101967638]
f_period                       118.3807        free  ['normal', 118.3807, 0.001166]
f_f_c                          0.0             set  
f_f_s                          0.0             set  
g_rr                           0.0288          free  ['uniform', 0.0, 0.2]         
g_rsuma                        0.0372          free  ['uniform', 0.031, 0.5]       
g_cosi                         0.0             free  ['uniform', 0.0, 1.0]         
g_epoch                        2455594.0069    free  ['normal', 2455594.0069, 0.1] 
g_period                       22.6845         free  ['normal', 22.6845, 0.001273] 
g_f_c                          0.0             set  
g_f_s                          0.0             set  
dil_tess                       0.0             set  
host_ldc_q1_tess               0.5             free  ['uniform', 0.0, 1.0]         
host_ldc_q2_tess               0.5             free  ['uniform', 0.0, 1.0]         
host_ldc_q1_kepler             0.5             free  ['uniform', 0.0, 1.0]         
host_ldc_q2_kepler             0.5             free  ['uniform', 0.0, 1.0]         
ln_err_flux_tess               -6.0            free  ['uniform', -10.0, -1.0]      
ln_err_flux_kepler             -6.0            free  ['uniform', -10.0, -1.0]      
baseline_gp_matern32_lnsigma_flux_tess -5.0            free  ['uniform', -15.0, 0.0]       
baseline_gp_matern32_lnrho_flux_tess 0.0             free  ['uniform', -5.0, 10.0]       
baseline_gp_matern32_lnsigma_flux_kepler -5.0            free  ['uniform', -15.0, 0.0]       
baseline_gp_matern32_lnrho_flux_kepler 0.0             free  ['uniform', -5.0, 10.0]       

automatically set:            
d_sbratio_tess                 0.0             set  
d_K                            0.0             set  
host_ldc_u1_tess               None            set  
host_ldc_u2_tess               None            set  
host_ldc_u3_tess               None            set  
host_ldc_u4_tess               None            set  
d_ldc_u1_tess                  None            set  
d_ldc_u2_tess                  None            set  
d_ldc_u3_tess                  None            set  
d_ldc_u4_tess                  None            set  
host_ldc_q3_tess               None            set  
host_ldc_q4_tess               None            set  
d_ldc_q1_tess                  None            set  
d_ldc_q2_tess                  None            set  
d_ldc_q3_tess                  None            set  
d_ldc_q4_tess                  None            set  
d_a                            None            set  
d_q                            1.0             set  
didt_tess                      None            set  
domdt_tess                     None            set  
host_gdc_tess                  None            set  
host_rotfac_tess               1.0             set  
host_hf_tess                   1.5             set  
host_bfac_tess                 None            set  
host_heat_tess                 None            set  
host_lambda                    None            set  
host_vsini                     None            set  
d_gdc_tess                     None            set  
d_rotfac_tess                  1.0             set  
d_hf_tess                      1.5             set  
d_bfac_tess                    None            set  
d_heat_tess                    None            set  
d_lambda                       None            set  
d_vsini                        None            set  
host_spots_tess                None            set  
d_spots_tess                   None            set  
d_phase_curve_A1_tess          None            set  
d_phase_curve_B1_tess          None            set  
d_phase_curve_B1_shift_tess    0.0             set  
d_phase_curve_B1t_tess         None            set  
d_phase_curve_B1t_shift_tess   0.0             set  
d_phase_curve_B1r_tess         None            set  
d_phase_curve_B1r_shift_tess   0.0             set  
d_phase_curve_B2_tess          None            set  
d_phase_curve_B3_tess          None            set  
d_phase_curve_beaming_tess     None            set  
d_phase_curve_atmospheric_tess None            set  
d_phase_curve_atmospheric_shift_tess 0.0             set  
d_phase_curve_atmospheric_thermal_tess None            set  
d_phase_curve_atmospheric_thermal_shift_tess 0.0             set  
d_phase_curve_atmospheric_reflected_tess None            set  
d_phase_curve_atmospheric_reflected_shift_tess 0.0             set  
d_phase_curve_ellipsoidal_tess None            set  
d_phase_curve_ellipsoidal_2nd_tess None            set  
d_sbratio_kepler               0.0             set  
dil_kepler                     0.0             set  
host_ldc_u1_kepler             None            set  
host_ldc_u2_kepler             None            set  
host_ldc_u3_kepler             None            set  
host_ldc_u4_kepler             None            set  
d_ldc_u1_kepler                None            set  
d_ldc_u2_kepler                None            set  
d_ldc_u3_kepler                None            set  
d_ldc_u4_kepler                None            set  
host_ldc_q3_kepler             None            set  
host_ldc_q4_kepler             None            set  
d_ldc_q1_kepler                None            set  
d_ldc_q2_kepler                None            set  
d_ldc_q3_kepler                None            set  
d_ldc_q4_kepler                None            set  
didt_kepler                    None            set  
domdt_kepler                   None            set  
host_gdc_kepler                None            set  
host_rotfac_kepler             1.0             set  
host_hf_kepler                 1.5             set  
host_bfac_kepler               None            set  
host_heat_kepler               None            set  
d_gdc_kepler                   None            set  
d_rotfac_kepler                1.0             set  
d_hf_kepler                    1.5             set  
d_bfac_kepler                  None            set  
d_heat_kepler                  None            set  
host_spots_kepler              None            set  
d_spots_kepler                 None            set  
d_phase_curve_A1_kepler        None            set  
d_phase_curve_B1_kepler        None            set  
d_phase_curve_B1_shift_kepler  0.0             set  
d_phase_curve_B1t_kepler       None            set  
d_phase_curve_B1t_shift_kepler 0.0             set  
d_phase_curve_B1r_kepler       None            set  
d_phase_curve_B1r_shift_kepler 0.0             set  
d_phase_curve_B2_kepler        None            set  
d_phase_curve_B3_kepler        None            set  
d_phase_curve_beaming_kepler   None            set  
d_phase_curve_atmospheric_kepler None            set  
d_phase_curve_atmospheric_shift_kepler 0.0             set  
d_phase_curve_atmospheric_thermal_kepler None            set  
d_phase_curve_atmospheric_thermal_shift_kepler 0.0             set  
d_phase_curve_atmospheric_reflected_kepler None            set  
d_phase_curve_atmospheric_reflected_shift_kepler 0.0             set  
d_phase_curve_ellipsoidal_kepler None            set  
d_phase_curve_ellipsoidal_2nd_kepler None            set  
f_sbratio_tess                 0.0             set  
f_K                            0.0             set  
f_ldc_u1_tess                  None            set  
f_ldc_u2_tess                  None            set  
f_ldc_u3_tess                  None            set  
f_ldc_u4_tess                  None            set  
f_ldc_q1_tess                  None            set  
f_ldc_q2_tess                  None            set  
f_ldc_q3_tess                  None            set  
f_ldc_q4_tess                  None            set  
f_a                            None            set  
f_q                            1.0             set  
f_gdc_tess                     None            set  
f_rotfac_tess                  1.0             set  
f_hf_tess                      1.5             set  
f_bfac_tess                    None            set  
f_heat_tess                    None            set  
f_lambda                       None            set  
f_vsini                        None            set  
f_spots_tess                   None            set  
f_phase_curve_A1_tess          None            set  
f_phase_curve_B1_tess          None            set  
f_phase_curve_B1_shift_tess    0.0             set  
f_phase_curve_B1t_tess         None            set  
f_phase_curve_B1t_shift_tess   0.0             set  
f_phase_curve_B1r_tess         None            set  
f_phase_curve_B1r_shift_tess   0.0             set  
f_phase_curve_B2_tess          None            set  
f_phase_curve_B3_tess          None            set  
f_phase_curve_beaming_tess     None            set  
f_phase_curve_atmospheric_tess None            set  
f_phase_curve_atmospheric_shift_tess 0.0             set  
f_phase_curve_atmospheric_thermal_tess None            set  
f_phase_curve_atmospheric_thermal_shift_tess 0.0             set  
f_phase_curve_atmospheric_reflected_tess None            set  
f_phase_curve_atmospheric_reflected_shift_tess 0.0             set  
f_phase_curve_ellipsoidal_tess None            set  
f_phase_curve_ellipsoidal_2nd_tess None            set  
f_sbratio_kepler               0.0             set  
f_ldc_u1_kepler                None            set  
f_ldc_u2_kepler                None            set  
f_ldc_u3_kepler                None            set  
f_ldc_u4_kepler                None            set  
f_ldc_q1_kepler                None            set  
f_ldc_q2_kepler                None            set  
f_ldc_q3_kepler                None            set  
f_ldc_q4_kepler                None            set  
f_gdc_kepler                   None            set  
f_rotfac_kepler                1.0             set  
f_hf_kepler                    1.5             set  
f_bfac_kepler                  None            set  
f_heat_kepler                  None            set  
f_spots_kepler                 None            set  
f_phase_curve_A1_kepler        None            set  
f_phase_curve_B1_kepler        None            set  
f_phase_curve_B1_shift_kepler  0.0             set  
f_phase_curve_B1t_kepler       None            set  
f_phase_curve_B1t_shift_kepler 0.0             set  
f_phase_curve_B1r_kepler       None            set  
f_phase_curve_B1r_shift_kepler 0.0             set  
f_phase_curve_B2_kepler        None            set  
f_phase_curve_B3_kepler        None            set  
f_phase_curve_beaming_kepler   None            set  
f_phase_curve_atmospheric_kepler None            set  
f_phase_curve_atmospheric_shift_kepler 0.0             set  
f_phase_curve_atmospheric_thermal_kepler None            set  
f_phase_curve_atmospheric_thermal_shift_kepler 0.0             set  
f_phase_curve_atmospheric_reflected_kepler None            set  
f_phase_curve_atmospheric_reflected_shift_kepler 0.0             set  
f_phase_curve_ellipsoidal_kepler None            set  
f_phase_curve_ellipsoidal_2nd_kepler None            set  

External priors:
--------------------------

Stellar density prior (automatically set): ['normal', 1.1350403346401716, 0.1139671453708122] (g cm^-3)

ndim: 40
